// Jest Snapshot v1, https://goo.gl/fbAQLP

exports[`Login component tests should render correctly 1`] = `
<form
  className="LoginForm"
  id="Form"
  onSubmit={[Function]}
>
  <h1>
    signIn Form
  </h1>
  <div
    className="LoginInoutGroup"
  >
    <label
      htmlFor=""
    >
      Email Id
    </label>
    <input
      id="email"
      onChange={[Function]}
      type="email"
      value=""
    />
  </div>
  <div
    className="LoginInoutGroup"
  >
    <label
      htmlFor=""
    >
      Password ID
    </label>
    <input
      id="password"
      onChange={[Function]}
      type="password"
      value=""
    />
  </div>
  <button
    type="submit"
  >
    LOGIN
  </button>
</form>
`;

exports[`Login component tests should take a Snapshop 1`] = `
<form
  className="LoginForm"
  id="Form"
  onSubmit={[Function]}
>
  <h1>
    signIn Form
  </h1>
  <div
    className="LoginInoutGroup"
  >
    <label
      htmlFor=""
    >
      Email Id
    </label>
    <input
      id="email"
      onChange={[Function]}
      type="email"
      value=""
    />
  </div>
  <div
    className="LoginInoutGroup"
  >
    <label
      htmlFor=""
    >
      Password ID
    </label>
    <input
      id="password"
      onChange={[Function]}
      type="password"
      value=""
    />
  </div>
  <button
    type="submit"
  >
    LOGIN
  </button>
</form>
`;
